name, memory.total [MiB], driver_version
NVIDIA A40, 46068 MiB, 580.159.04
{"condition": "cot_u2", "prompt_id": "strongreject-small-00", "generated_tokens": 525, "stop_reason": "eos_token"}
{"condition": "cot_u2", "prompt_id": "strongreject-small-01", "generated_tokens": 1335, "stop_reason": "eos_token"}
{"condition": "cot_u2", "prompt_id": "strongreject-small-02", "generated_tokens": 277, "stop_reason": "eos_token"}
{"condition": "cot_u2", "prompt_id": "strongreject-small-03", "generated_tokens": 390, "stop_reason": "eos_token"}
{"condition": "cot_u2", "prompt_id": "strongreject-small-04", "generated_tokens": 918, "stop_reason": "eos_token"}
{"condition": "cot_u2", "prompt_id": "strongreject-small-05", "generated_tokens": 1106, "stop_reason": "eos_token"}
{"condition": "cot_u2", "prompt_id": "strongreject-small-06", "generated_tokens": 942, "stop_reason": "eos_token"}
{"condition": "cot_u2", "prompt_id": "strongreject-small-07", "generated_tokens": 1061, "stop_reason": "eos_token"}
{"condition": "cot_u2", "prompt_id": "strongreject-small-08", "generated_tokens": 1339, "stop_reason": "eos_token"}
{"condition": "cot_u2", "prompt_id": "strongreject-small-09", "generated_tokens": 794, "stop_reason": "eos_token"}
{"condition": "cot_u2", "prompt_id": "strongreject-small-10", "generated_tokens": 1699, "stop_reason": "eos_token"}
{"condition": "cot_u2", "prompt_id": "strongreject-small-11", "generated_tokens": 1060, "stop_reason": "eos_token"}
{"condition": "cot_u2", "prompt_id": "strongreject-small-12", "generated_tokens": 1323, "stop_reason": "eos_token"}
{"condition": "cot_u2", "prompt_id": "strongreject-small-13", "generated_tokens": 964, "stop_reason": "eos_token"}
{"condition": "cot_u2", "prompt_id": "strongreject-small-14", "generated_tokens": 4096, "stop_reason": "length"}
{"condition": "cot_u2", "prompt_id": "strongreject-small-15", "generated_tokens": 1843, "stop_reason": "eos_token"}
{"condition": "cot_u2", "prompt_id": "strongreject-small-16", "generated_tokens": 1914, "stop_reason": "eos_token"}
{"condition": "cot_u2", "prompt_id": "strongreject-small-17", "generated_tokens": 2098, "stop_reason": "eos_token"}
{"condition": "cot_u2", "prompt_id": "strongreject-small-18", "generated_tokens": 1463, "stop_reason": "eos_token"}
{"condition": "cot_u2", "prompt_id": "strongreject-small-19", "generated_tokens": 362, "stop_reason": "eos_token"}
{"condition": "cot_u2", "prompt_id": "strongreject-small-20", "generated_tokens": 1401, "stop_reason": "eos_token"}
{"condition": "cot_u2", "prompt_id": "strongreject-small-21", "generated_tokens": 1161, "stop_reason": "eos_token"}
{"condition": "cot_u2", "prompt_id": "strongreject-small-22", "generated_tokens": 1003, "stop_reason": "eos_token"}
{"condition": "cot_u2", "prompt_id": "strongreject-small-23", "generated_tokens": 439, "stop_reason": "eos_token"}
{"condition": "cot_u2", "prompt_id": "strongreject-small-24", "generated_tokens": 1414, "stop_reason": "eos_token"}
{"condition": "cot_u2", "prompt_id": "strongreject-small-25", "generated_tokens": 1815, "stop_reason": "eos_token"}
{"condition": "cot_u2", "prompt_id": "strongreject-small-26", "generated_tokens": 1449, "stop_reason": "eos_token"}
{"condition": "cot_u2", "prompt_id": "strongreject-small-27", "generated_tokens": 775, "stop_reason": "eos_token"}
{"condition": "cot_u2", "prompt_id": "strongreject-small-28", "generated_tokens": 431, "stop_reason": "eos_token"}
{"condition": "cot_u2", "prompt_id": "strongreject-small-29", "generated_tokens": 587, "stop_reason": "eos_token"}
{"condition": "cot_u2", "prompt_id": "strongreject-small-30", "generated_tokens": 1935, "stop_reason": "eos_token"}
{"condition": "cot_u2", "prompt_id": "strongreject-small-31", "generated_tokens": 2195, "stop_reason": "eos_token"}
{"condition": "cot_u2", "prompt_id": "strongreject-small-32", "generated_tokens": 1276, "stop_reason": "eos_token"}
{"condition": "cot_u2", "prompt_id": "strongreject-small-33", "generated_tokens": 1760, "stop_reason": "eos_token"}
{"condition": "cot_u2", "prompt_id": "strongreject-small-34", "generated_tokens": 1850, "stop_reason": "eos_token"}
{"condition": "cot_u2", "prompt_id": "strongreject-small-35", "generated_tokens": 1427, "stop_reason": "eos_token"}
{"condition": "cot_u2", "prompt_id": "strongreject-small-36", "generated_tokens": 1569, "stop_reason": "eos_token"}
{"condition": "cot_u2", "prompt_id": "strongreject-small-37", "generated_tokens": 1152, "stop_reason": "eos_token"}
{"condition": "cot_u2", "prompt_id": "strongreject-small-38", "generated_tokens": 2002, "stop_reason": "eos_token"}
{"condition": "cot_u2", "prompt_id": "strongreject-small-39", "generated_tokens": 333, "stop_reason": "eos_token"}
{"condition": "cot_u2", "prompt_id": "strongreject-small-40", "generated_tokens": 1055, "stop_reason": "eos_token"}
{"condition": "cot_u2", "prompt_id": "strongreject-small-41", "generated_tokens": 364, "stop_reason": "eos_token"}
{"condition": "cot_u2", "prompt_id": "strongreject-small-42", "generated_tokens": 1623, "stop_reason": "eos_token"}
{"condition": "cot_u2", "prompt_id": "strongreject-small-43", "generated_tokens": 413, "stop_reason": "eos_token"}
{"condition": "cot_u2", "prompt_id": "strongreject-small-44", "generated_tokens": 1683, "stop_reason": "eos_token"}
{"condition": "cot_u2", "prompt_id": "strongreject-small-45", "generated_tokens": 596, "stop_reason": "eos_token"}
{"condition": "cot_u2", "prompt_id": "strongreject-small-46", "generated_tokens": 809, "stop_reason": "eos_token"}
{"condition": "cot_u2", "prompt_id": "strongreject-small-47", "generated_tokens": 1543, "stop_reason": "eos_token"}
{"condition": "cot_u2", "prompt_id": "strongreject-small-48", "generated_tokens": 563, "stop_reason": "eos_token"}
{"condition": "cot_u2", "prompt_id": "strongreject-small-49", "generated_tokens": 1081, "stop_reason": "eos_token"}
{"condition": "cot_u2", "prompt_id": "strongreject-small-50", "generated_tokens": 682, "stop_reason": "eos_token"}
{"condition": "cot_u2", "prompt_id": "strongreject-small-51", "generated_tokens": 1846, "stop_reason": "eos_token"}
{"condition": "cot_u2", "prompt_id": "strongreject-small-52", "generated_tokens": 1260, "stop_reason": "eos_token"}
{"condition": "cot_u2", "prompt_id": "strongreject-small-53", "generated_tokens": 1500, "stop_reason": "eos_token"}
{"condition": "cot_u2", "prompt_id": "strongreject-small-54", "generated_tokens": 544, "stop_reason": "eos_token"}
{"condition": "cot_u2", "prompt_id": "strongreject-small-55", "generated_tokens": 1477, "stop_reason": "eos_token"}
{"condition": "cot_u2", "prompt_id": "strongreject-small-56", "generated_tokens": 1320, "stop_reason": "eos_token"}
{"condition": "cot_u2", "prompt_id": "strongreject-small-57", "generated_tokens": 507, "stop_reason": "eos_token"}
{"condition": "cot_u2", "prompt_id": "strongreject-small-58", "generated_tokens": 847, "stop_reason": "eos_token"}
{"condition": "cot_u2", "prompt_id": "strongreject-small-59", "generated_tokens": 463, "stop_reason": "eos_token"}
{
  "schema_version": 1,
  "status": "generation_complete_unjudged",
  "condition": "cot_u2",
  "rows": 60,
  "truncations": 1,
  "checkpoint_sha256": "1334f56389c1b032e46b4418e367f49ddf5bf33ded137556f3a8e16b27abc2a9",
  "generation_config_sha256": "9addfaec766bb135acd4cfcac9cf67fcb21a1871d61c7156c0f16ae9356239bc",
  "generation_implementation_sha256": "9877773260b649db124c5be06a751bc27dfb9548e6ae72cbe24fb7aeb0ca8bb9",
  "generations_sha256": "2b6646998afa6edc289068a27177efbb057e0a8f50c25e380bca87b6707fa721",
  "manifest_sha256": "2e8a8641d43bbcfb5017eb8c3f4f6de0647e289f185342c4399360da89015819",
  "evaluation_config_sha256": "d2eeb92ffd38c0a5d9252410654b1b5f23abc6af5c7bf07ba69faf7a876f3dcd",
  "evaluator_loaded": false
}
2b6646998afa6edc289068a27177efbb057e0a8f50c25e380bca87b6707fa721  /scratch1/muttreja/mats_latent_safety/results/dense_safety/cot_u2/generations.jsonl
2b6646998afa6edc289068a27177efbb057e0a8f50c25e380bca87b6707fa721  /home1/muttreja/mats_latent_safety/artifacts/discovery/results/dense_safety/cot_u2/generations.jsonl
8a0d7cefbd0ecfdbf2024494a0a9bfc9c06d72ceb6cfeb114b5f1b5d69b66d62  /scratch1/muttreja/mats_latent_safety/results/dense_safety/cot_u2/summary.json
8a0d7cefbd0ecfdbf2024494a0a9bfc9c06d72ceb6cfeb114b5f1b5d69b66d62  /home1/muttreja/mats_latent_safety/artifacts/discovery/results/dense_safety/cot_u2/summary.json
