{
  "schema_version": 1,
  "race_id": "fallback_4b_skip0_stage1",
  "claimed_at": "2026-08-28T05:00:42.064631+00:00",
  "winner_job_id": 11413196,
  "winner_name": "a40",
  "cancelled_rivals": [
    {
      "name": "a100_80gb",
      "job_id": 11405885,
      "returncode": 0,
      "stdout": "",
      "stderr": ""
    }
  ],
  "rule": "first_job_to_atomically_claim_runs_and_scancels_every_other_job_before_training"
}

name, memory.total [MiB], driver_version
NVIDIA A40, 46068 MiB, 580.159.04
{"stage": 1, "epoch": 0, "stage_update": 10, "seconds": 17.361581474542618, "loss": 0.7219195973496432}
{"stage": 1, "epoch": 0, "stage_update": 20, "seconds": 17.40271785389632, "loss": 0.5161197779893207}
{"stage": 1, "epoch": 0, "stage_update": 30, "seconds": 17.36822609975934, "loss": 0.47032702793708725}
{"stage": 1, "epoch": 0, "stage_update": 40, "seconds": 17.170053016394377, "loss": 0.5589966724537037}
{"stage": 1, "epoch": 0, "stage_update": 50, "seconds": 17.251071722246706, "loss": 0.4379013321124764}
{"stage": 1, "epoch": 0, "stage_update": 60, "seconds": 17.209239711984992, "loss": 0.5277026303443212}
{"stage": 1, "epoch": 0, "stage_update": 70, "seconds": 17.137922030873597, "loss": 0.49136262998360375}
{"stage": 1, "epoch": 0, "stage_update": 80, "seconds": 17.120302617549896, "loss": 0.5075210948871907}
{"stage": 1, "epoch": 0, "stage_update": 90, "seconds": 16.843760369345546, "loss": 0.4816972199597547}
{"stage": 1, "epoch": 0, "stage_update": 100, "seconds": 17.06808735150844, "loss": 0.48589614780188983}
{"stage": 1, "epoch": 0, "stage_update": 110, "seconds": 16.888511154800653, "loss": 0.49643082499547264}
{"stage": 1, "epoch": 0, "stage_update": 120, "seconds": 16.97752272617072, "loss": 0.3834587447523989}
{"stage": 1, "epoch": 0, "stage_update": 130, "seconds": 17.020295512862504, "loss": 0.5191780034174553}
{"stage": 1, "epoch": 0, "stage_update": 140, "seconds": 17.014137004502118, "loss": 0.473051448610653}
{"stage": 1, "epoch": 0, "stage_update": 150, "seconds": 17.022221458144486, "loss": 0.4433579158106089}
{"stage": 1, "epoch": 0, "stage_update": 160, "seconds": 17.059117595665157, "loss": 0.529055767177795}
{"stage": 1, "epoch": 0, "stage_update": 170, "seconds": 17.08523069601506, "loss": 0.4742820753642987}
{"stage": 1, "epoch": 0, "stage_update": 180, "seconds": 16.879837092012167, "loss": 0.454930284804108}
{"stage": 1, "epoch": 0, "stage_update": 190, "seconds": 16.94119478110224, "loss": 0.43184605278932225}
{"stage": 1, "epoch": 0, "stage_update": 200, "seconds": 17.08895358350128, "loss": 0.4758066061355461}
{"stage": 1, "epoch": 0, "stage_update": 210, "seconds": 16.929277123883367, "loss": 0.46798690429302875}
{"stage": 1, "epoch": 0, "stage_update": 220, "seconds": 16.974499673582613, "loss": 0.4256600642549819}
{"stage": 1, "epoch": 0, "stage_update": 230, "seconds": 16.846165026538074, "loss": 0.41311417631314057}
{"stage": 1, "epoch": 1, "stage_update": 240, "seconds": 16.93255861569196, "loss": 0.3928192138671875}
{"stage": 1, "epoch": 1, "stage_update": 250, "seconds": 17.003895134665072, "loss": 0.4438395691479573}
{"stage": 1, "epoch": 1, "stage_update": 260, "seconds": 16.89566237758845, "loss": 0.4002776149740622}
{"stage": 1, "epoch": 1, "stage_update": 270, "seconds": 17.031541032716632, "loss": 0.44451409630287375}
{"stage": 1, "epoch": 1, "stage_update": 280, "seconds": 17.0570908151567, "loss": 0.45035851883561645}
{"stage": 1, "epoch": 1, "stage_update": 290, "seconds": 17.033833703957498, "loss": 0.4396329444090475}
{"stage": 1, "epoch": 1, "stage_update": 300, "seconds": 17.427369030192494, "loss": 0.38523785673304706}
{"stage": 1, "epoch": 1, "stage_update": 310, "seconds": 16.94492889288813, "loss": 0.4651711398524721}
{"stage": 1, "epoch": 1, "stage_update": 320, "seconds": 17.16451684664935, "loss": 0.4254927274402227}
{"stage": 1, "epoch": 1, "stage_update": 330, "seconds": 17.09146459493786, "loss": 0.42995367117724054}
{"stage": 1, "epoch": 1, "stage_update": 340, "seconds": 16.821878760121763, "loss": 0.31625158192161185}
{"stage": 1, "epoch": 1, "stage_update": 350, "seconds": 16.980538012459874, "loss": 0.3703816345423471}
{"stage": 1, "epoch": 1, "stage_update": 360, "seconds": 16.98722876328975, "loss": 0.42036967534945374}
{"stage": 1, "epoch": 1, "stage_update": 370, "seconds": 17.01942192018032, "loss": 0.4176207568162426}
{"stage": 1, "epoch": 1, "stage_update": 380, "seconds": 16.940715652890503, "loss": 0.3757247635513616}
{"stage": 1, "epoch": 1, "stage_update": 390, "seconds": 16.851761910133064, "loss": 0.44409638598449247}
{"stage": 1, "epoch": 1, "stage_update": 400, "seconds": 17.030730257742107, "loss": 0.4442689608683628}
{"stage": 1, "epoch": 1, "stage_update": 410, "seconds": 17.01611445005983, "loss": 0.4088546910236791}
{"stage": 1, "epoch": 1, "stage_update": 420, "seconds": 17.094335636124015, "loss": 0.43342924735915495}
{"stage": 1, "epoch": 1, "stage_update": 430, "seconds": 16.939038114622235, "loss": 0.4166834781044408}
{"stage": 1, "epoch": 1, "stage_update": 440, "seconds": 16.907106288708746, "loss": 0.4153852732168079}
{"stage": 1, "epoch": 1, "stage_update": 450, "seconds": 17.064581537619233, "loss": 0.43638078245960954}
{"stage": 1, "epoch": 1, "stage_update": 460, "seconds": 16.848496658727527, "loss": 0.3792610042096062}
