name, memory.total [MiB], driver_version
NVIDIA A40, 46068 MiB, 580.159.04
{"condition": "cot_u1", "prompt_id": "gsm8k-test-0001", "correct": true, "generated_tokens": 222, "stop_reason": "eos_token"}
{"condition": "cot_u1", "prompt_id": "gsm8k-test-0006", "correct": true, "generated_tokens": 582, "stop_reason": "eos_token"}
{"condition": "cot_u1", "prompt_id": "gsm8k-test-0013", "correct": true, "generated_tokens": 796, "stop_reason": "eos_token"}
{"condition": "cot_u1", "prompt_id": "gsm8k-test-0014", "correct": true, "generated_tokens": 704, "stop_reason": "eos_token"}
{"condition": "cot_u1", "prompt_id": "gsm8k-test-0023", "correct": true, "generated_tokens": 355, "stop_reason": "eos_token"}
{"condition": "cot_u1", "prompt_id": "gsm8k-test-0039", "correct": true, "generated_tokens": 1012, "stop_reason": "eos_token"}
{"condition": "cot_u1", "prompt_id": "gsm8k-test-0043", "correct": true, "generated_tokens": 688, "stop_reason": "eos_token"}
{"condition": "cot_u1", "prompt_id": "gsm8k-test-0051", "correct": true, "generated_tokens": 465, "stop_reason": "eos_token"}
{"condition": "cot_u1", "prompt_id": "gsm8k-test-0054", "correct": true, "generated_tokens": 479, "stop_reason": "eos_token"}
{"condition": "cot_u1", "prompt_id": "gsm8k-test-0061", "correct": true, "generated_tokens": 463, "stop_reason": "eos_token"}
{"condition": "cot_u1", "prompt_id": "gsm8k-test-0064", "correct": true, "generated_tokens": 809, "stop_reason": "eos_token"}
{"condition": "cot_u1", "prompt_id": "gsm8k-test-0065", "correct": false, "generated_tokens": 578, "stop_reason": "eos_token"}
{"condition": "cot_u1", "prompt_id": "gsm8k-test-0088", "correct": true, "generated_tokens": 495, "stop_reason": "eos_token"}
{"condition": "cot_u1", "prompt_id": "gsm8k-test-0093", "correct": false, "generated_tokens": 1245, "stop_reason": "eos_token"}
{"condition": "cot_u1", "prompt_id": "gsm8k-test-0096", "correct": true, "generated_tokens": 318, "stop_reason": "eos_token"}
{"condition": "cot_u1", "prompt_id": "gsm8k-test-0114", "correct": true, "generated_tokens": 1324, "stop_reason": "eos_token"}
{"condition": "cot_u1", "prompt_id": "gsm8k-test-0118", "correct": true, "generated_tokens": 492, "stop_reason": "eos_token"}
{"condition": "cot_u1", "prompt_id": "gsm8k-test-0120", "correct": true, "generated_tokens": 471, "stop_reason": "eos_token"}
{"condition": "cot_u1", "prompt_id": "gsm8k-test-0130", "correct": true, "generated_tokens": 337, "stop_reason": "eos_token"}
{"condition": "cot_u1", "prompt_id": "gsm8k-test-0131", "correct": true, "generated_tokens": 370, "stop_reason": "eos_token"}
{"condition": "cot_u1", "prompt_id": "gsm8k-test-0135", "correct": true, "generated_tokens": 437, "stop_reason": "eos_token"}
{"condition": "cot_u1", "prompt_id": "gsm8k-test-0138", "correct": true, "generated_tokens": 1380, "stop_reason": "eos_token"}
{"condition": "cot_u1", "prompt_id": "gsm8k-test-0141", "correct": true, "generated_tokens": 786, "stop_reason": "eos_token"}
{"condition": "cot_u1", "prompt_id": "gsm8k-test-0142", "correct": true, "generated_tokens": 373, "stop_reason": "eos_token"}
{"condition": "cot_u1", "prompt_id": "gsm8k-test-0145", "correct": true, "generated_tokens": 430, "stop_reason": "eos_token"}
{"condition": "cot_u1", "prompt_id": "gsm8k-test-0146", "correct": true, "generated_tokens": 930, "stop_reason": "eos_token"}
{"condition": "cot_u1", "prompt_id": "gsm8k-test-0161", "correct": true, "generated_tokens": 778, "stop_reason": "eos_token"}
{"condition": "cot_u1", "prompt_id": "gsm8k-test-0163", "correct": false, "generated_tokens": 925, "stop_reason": "eos_token"}
{"condition": "cot_u1", "prompt_id": "gsm8k-test-0175", "correct": true, "generated_tokens": 1061, "stop_reason": "eos_token"}
{"condition": "cot_u1", "prompt_id": "gsm8k-test-0178", "correct": true, "generated_tokens": 598, "stop_reason": "eos_token"}
{"condition": "cot_u1", "prompt_id": "gsm8k-test-0186", "correct": true, "generated_tokens": 1106, "stop_reason": "eos_token"}
{"condition": "cot_u1", "prompt_id": "gsm8k-test-0189", "correct": true, "generated_tokens": 737, "stop_reason": "eos_token"}
{"condition": "cot_u1", "prompt_id": "gsm8k-test-0191", "correct": true, "generated_tokens": 388, "stop_reason": "eos_token"}
{"condition": "cot_u1", "prompt_id": "gsm8k-test-0198", "correct": true, "generated_tokens": 620, "stop_reason": "eos_token"}
{"condition": "cot_u1", "prompt_id": "gsm8k-test-0206", "correct": true, "generated_tokens": 630, "stop_reason": "eos_token"}
{"condition": "cot_u1", "prompt_id": "gsm8k-test-0209", "correct": true, "generated_tokens": 1310, "stop_reason": "eos_token"}
{"condition": "cot_u1", "prompt_id": "gsm8k-test-0217", "correct": true, "generated_tokens": 298, "stop_reason": "eos_token"}
{"condition": "cot_u1", "prompt_id": "gsm8k-test-0224", "correct": true, "generated_tokens": 497, "stop_reason": "eos_token"}
{"condition": "cot_u1", "prompt_id": "gsm8k-test-0228", "correct": true, "generated_tokens": 444, "stop_reason": "eos_token"}
{"condition": "cot_u1", "prompt_id": "gsm8k-test-0229", "correct": true, "generated_tokens": 569, "stop_reason": "eos_token"}
{"condition": "cot_u1", "prompt_id": "gsm8k-test-0234", "correct": false, "generated_tokens": 389, "stop_reason": "eos_token"}
{"condition": "cot_u1", "prompt_id": "gsm8k-test-0247", "correct": true, "generated_tokens": 575, "stop_reason": "eos_token"}
{"condition": "cot_u1", "prompt_id": "gsm8k-test-0255", "correct": true, "generated_tokens": 1998, "stop_reason": "eos_token"}
{"condition": "cot_u1", "prompt_id": "gsm8k-test-0257", "correct": true, "generated_tokens": 775, "stop_reason": "eos_token"}
{"condition": "cot_u1", "prompt_id": "gsm8k-test-0262", "correct": true, "generated_tokens": 257, "stop_reason": "eos_token"}
{"condition": "cot_u1", "prompt_id": "gsm8k-test-0270", "correct": true, "generated_tokens": 596, "stop_reason": "eos_token"}
{"condition": "cot_u1", "prompt_id": "gsm8k-test-0283", "correct": true, "generated_tokens": 654, "stop_reason": "eos_token"}
{"condition": "cot_u1", "prompt_id": "gsm8k-test-0285", "correct": true, "generated_tokens": 299, "stop_reason": "eos_token"}
{"condition": "cot_u1", "prompt_id": "gsm8k-test-0292", "correct": true, "generated_tokens": 736, "stop_reason": "eos_token"}
{"condition": "cot_u1", "prompt_id": "gsm8k-test-0313", "correct": true, "generated_tokens": 1077, "stop_reason": "eos_token"}
{"condition": "cot_u1", "prompt_id": "gsm8k-test-0318", "correct": true, "generated_tokens": 473, "stop_reason": "eos_token"}
{"condition": "cot_u1", "prompt_id": "gsm8k-test-0323", "correct": true, "generated_tokens": 848, "stop_reason": "eos_token"}
{"condition": "cot_u1", "prompt_id": "gsm8k-test-0326", "correct": true, "generated_tokens": 942, "stop_reason": "eos_token"}
{"condition": "cot_u1", "prompt_id": "gsm8k-test-0327", "correct": true, "generated_tokens": 536, "stop_reason": "eos_token"}
{"condition": "cot_u1", "prompt_id": "gsm8k-test-0330", "correct": true, "generated_tokens": 1050, "stop_reason": "eos_token"}
{"condition": "cot_u1", "prompt_id": "gsm8k-test-0333", "correct": true, "generated_tokens": 862, "stop_reason": "eos_token"}
{"condition": "cot_u1", "prompt_id": "gsm8k-test-0334", "correct": true, "generated_tokens": 965, "stop_reason": "eos_token"}
{"condition": "cot_u1", "prompt_id": "gsm8k-test-0338", "correct": true, "generated_tokens": 568, "stop_reason": "eos_token"}
{"condition": "cot_u1", "prompt_id": "gsm8k-test-0350", "correct": true, "generated_tokens": 523, "stop_reason": "eos_token"}
{"condition": "cot_u1", "prompt_id": "gsm8k-test-0365", "correct": true, "generated_tokens": 293, "stop_reason": "eos_token"}
{"condition": "cot_u1", "prompt_id": "gsm8k-test-0393", "correct": true, "generated_tokens": 540, "stop_reason": "eos_token"}
{"condition": "cot_u1", "prompt_id": "gsm8k-test-0407", "correct": true, "generated_tokens": 641, "stop_reason": "eos_token"}
{"condition": "cot_u1", "prompt_id": "gsm8k-test-0411", "correct": true, "generated_tokens": 561, "stop_reason": "eos_token"}
{"condition": "cot_u1", "prompt_id": "gsm8k-test-0429", "correct": true, "generated_tokens": 246, "stop_reason": "eos_token"}
{"condition": "cot_u1", "prompt_id": "gsm8k-test-0432", "correct": true, "generated_tokens": 421, "stop_reason": "eos_token"}
{"condition": "cot_u1", "prompt_id": "gsm8k-test-0433", "correct": true, "generated_tokens": 923, "stop_reason": "eos_token"}
{"condition": "cot_u1", "prompt_id": "gsm8k-test-0435", "correct": true, "generated_tokens": 270, "stop_reason": "eos_token"}
{"condition": "cot_u1", "prompt_id": "gsm8k-test-0438", "correct": true, "generated_tokens": 455, "stop_reason": "eos_token"}
{"condition": "cot_u1", "prompt_id": "gsm8k-test-0440", "correct": true, "generated_tokens": 718, "stop_reason": "eos_token"}
{"condition": "cot_u1", "prompt_id": "gsm8k-test-0447", "correct": true, "generated_tokens": 319, "stop_reason": "eos_token"}
{"condition": "cot_u1", "prompt_id": "gsm8k-test-0449", "correct": true, "generated_tokens": 321, "stop_reason": "eos_token"}
{"condition": "cot_u1", "prompt_id": "gsm8k-test-0451", "correct": true, "generated_tokens": 886, "stop_reason": "eos_token"}
{"condition": "cot_u1", "prompt_id": "gsm8k-test-0457", "correct": true, "generated_tokens": 414, "stop_reason": "eos_token"}
{"condition": "cot_u1", "prompt_id": "gsm8k-test-0460", "correct": true, "generated_tokens": 521, "stop_reason": "eos_token"}
{"condition": "cot_u1", "prompt_id": "gsm8k-test-0466", "correct": false, "generated_tokens": 947, "stop_reason": "eos_token"}
{"condition": "cot_u1", "prompt_id": "gsm8k-test-0468", "correct": true, "generated_tokens": 754, "stop_reason": "eos_token"}
{"condition": "cot_u1", "prompt_id": "gsm8k-test-0469", "correct": true, "generated_tokens": 375, "stop_reason": "eos_token"}
{"condition": "cot_u1", "prompt_id": "gsm8k-test-0471", "correct": true, "generated_tokens": 848, "stop_reason": "eos_token"}
{"condition": "cot_u1", "prompt_id": "gsm8k-test-0476", "correct": true, "generated_tokens": 348, "stop_reason": "eos_token"}
{"condition": "cot_u1", "prompt_id": "gsm8k-test-0487", "correct": true, "generated_tokens": 515, "stop_reason": "eos_token"}
{"condition": "cot_u1", "prompt_id": "gsm8k-test-0490", "correct": true, "generated_tokens": 321, "stop_reason": "eos_token"}
{"condition": "cot_u1", "prompt_id": "gsm8k-test-0493", "correct": true, "generated_tokens": 1048, "stop_reason": "eos_token"}
{"condition": "cot_u1", "prompt_id": "gsm8k-test-0501", "correct": true, "generated_tokens": 568, "stop_reason": "eos_token"}
{"condition": "cot_u1", "prompt_id": "gsm8k-test-0505", "correct": true, "generated_tokens": 1275, "stop_reason": "eos_token"}
{"condition": "cot_u1", "prompt_id": "gsm8k-test-0507", "correct": true, "generated_tokens": 480, "stop_reason": "eos_token"}
{"condition": "cot_u1", "prompt_id": "gsm8k-test-0514", "correct": true, "generated_tokens": 523, "stop_reason": "eos_token"}
{"condition": "cot_u1", "prompt_id": "gsm8k-test-0538", "correct": false, "generated_tokens": 318, "stop_reason": "eos_token"}
{"condition": "cot_u1", "prompt_id": "gsm8k-test-0539", "correct": true, "generated_tokens": 873, "stop_reason": "eos_token"}
{"condition": "cot_u1", "prompt_id": "gsm8k-test-0541", "correct": true, "generated_tokens": 763, "stop_reason": "eos_token"}
{"condition": "cot_u1", "prompt_id": "gsm8k-test-0542", "correct": false, "generated_tokens": 728, "stop_reason": "eos_token"}
{"condition": "cot_u1", "prompt_id": "gsm8k-test-0546", "correct": true, "generated_tokens": 674, "stop_reason": "eos_token"}
{"condition": "cot_u1", "prompt_id": "gsm8k-test-0548", "correct": true, "generated_tokens": 306, "stop_reason": "eos_token"}
{"condition": "cot_u1", "prompt_id": "gsm8k-test-0552", "correct": true, "generated_tokens": 3006, "stop_reason": "eos_token"}
{"condition": "cot_u1", "prompt_id": "gsm8k-test-0563", "correct": true, "generated_tokens": 432, "stop_reason": "eos_token"}
{"condition": "cot_u1", "prompt_id": "gsm8k-test-0569", "correct": true, "generated_tokens": 373, "stop_reason": "eos_token"}
{"condition": "cot_u1", "prompt_id": "gsm8k-test-0570", "correct": true, "generated_tokens": 818, "stop_reason": "eos_token"}
{"condition": "cot_u1", "prompt_id": "gsm8k-test-0592", "correct": true, "generated_tokens": 416, "stop_reason": "eos_token"}
{"condition": "cot_u1", "prompt_id": "gsm8k-test-0600", "correct": true, "generated_tokens": 277, "stop_reason": "eos_token"}
{"condition": "cot_u1", "prompt_id": "gsm8k-test-0601", "correct": false, "generated_tokens": 1417, "stop_reason": "eos_token"}
{"condition": "cot_u1", "prompt_id": "gsm8k-test-0611", "correct": false, "generated_tokens": 2921, "stop_reason": "eos_token"}
{"condition": "cot_u1", "prompt_id": "gsm8k-test-0629", "correct": true, "generated_tokens": 773, "stop_reason": "eos_token"}
{"condition": "cot_u1", "prompt_id": "gsm8k-test-0638", "correct": false, "generated_tokens": 1070, "stop_reason": "eos_token"}
{"condition": "cot_u1", "prompt_id": "gsm8k-test-0644", "correct": true, "generated_tokens": 457, "stop_reason": "eos_token"}
{"condition": "cot_u1", "prompt_id": "gsm8k-test-0646", "correct": true, "generated_tokens": 753, "stop_reason": "eos_token"}
{"condition": "cot_u1", "prompt_id": "gsm8k-test-0663", "correct": true, "generated_tokens": 445, "stop_reason": "eos_token"}
{"condition": "cot_u1", "prompt_id": "gsm8k-test-0664", "correct": true, "generated_tokens": 639, "stop_reason": "eos_token"}
{"condition": "cot_u1", "prompt_id": "gsm8k-test-0676", "correct": true, "generated_tokens": 804, "stop_reason": "eos_token"}
{"condition": "cot_u1", "prompt_id": "gsm8k-test-0689", "correct": false, "generated_tokens": 1217, "stop_reason": "eos_token"}
{"condition": "cot_u1", "prompt_id": "gsm8k-test-0692", "correct": true, "generated_tokens": 724, "stop_reason": "eos_token"}
{"condition": "cot_u1", "prompt_id": "gsm8k-test-0696", "correct": true, "generated_tokens": 2339, "stop_reason": "eos_token"}
{"condition": "cot_u1", "prompt_id": "gsm8k-test-0704", "correct": true, "generated_tokens": 272, "stop_reason": "eos_token"}
{"condition": "cot_u1", "prompt_id": "gsm8k-test-0727", "correct": true, "generated_tokens": 702, "stop_reason": "eos_token"}
{"condition": "cot_u1", "prompt_id": "gsm8k-test-0735", "correct": true, "generated_tokens": 814, "stop_reason": "eos_token"}
{"condition": "cot_u1", "prompt_id": "gsm8k-test-0740", "correct": true, "generated_tokens": 714, "stop_reason": "eos_token"}
{"condition": "cot_u1", "prompt_id": "gsm8k-test-0741", "correct": true, "generated_tokens": 368, "stop_reason": "eos_token"}
{"condition": "cot_u1", "prompt_id": "gsm8k-test-0743", "correct": false, "generated_tokens": 5120, "stop_reason": "length"}
{"condition": "cot_u1", "prompt_id": "gsm8k-test-0747", "correct": true, "generated_tokens": 431, "stop_reason": "eos_token"}
{"condition": "cot_u1", "prompt_id": "gsm8k-test-0758", "correct": true, "generated_tokens": 583, "stop_reason": "eos_token"}
{"condition": "cot_u1", "prompt_id": "gsm8k-test-0764", "correct": true, "generated_tokens": 450, "stop_reason": "eos_token"}
{"condition": "cot_u1", "prompt_id": "gsm8k-test-0765", "correct": true, "generated_tokens": 490, "stop_reason": "eos_token"}
{"condition": "cot_u1", "prompt_id": "gsm8k-test-0775", "correct": true, "generated_tokens": 637, "stop_reason": "eos_token"}
{"condition": "cot_u1", "prompt_id": "gsm8k-test-0777", "correct": true, "generated_tokens": 1088, "stop_reason": "eos_token"}
{"condition": "cot_u1", "prompt_id": "gsm8k-test-0778", "correct": true, "generated_tokens": 462, "stop_reason": "eos_token"}
{"condition": "cot_u1", "prompt_id": "gsm8k-test-0781", "correct": true, "generated_tokens": 1026, "stop_reason": "eos_token"}
{"condition": "cot_u1", "prompt_id": "gsm8k-test-0788", "correct": true, "generated_tokens": 380, "stop_reason": "eos_token"}
{"condition": "cot_u1", "prompt_id": "gsm8k-test-0810", "correct": true, "generated_tokens": 1302, "stop_reason": "eos_token"}
{"condition": "cot_u1", "prompt_id": "gsm8k-test-0817", "correct": true, "generated_tokens": 307, "stop_reason": "eos_token"}
{"condition": "cot_u1", "prompt_id": "gsm8k-test-0821", "correct": true, "generated_tokens": 2511, "stop_reason": "eos_token"}
{"condition": "cot_u1", "prompt_id": "gsm8k-test-0859", "correct": true, "generated_tokens": 488, "stop_reason": "eos_token"}
{"condition": "cot_u1", "prompt_id": "gsm8k-test-0864", "correct": true, "generated_tokens": 498, "stop_reason": "eos_token"}
{"condition": "cot_u1", "prompt_id": "gsm8k-test-0865", "correct": true, "generated_tokens": 657, "stop_reason": "eos_token"}
