Loading checkpoint shards:   0%|          | 0/3 [00:00<?, ?it/s]Loading checkpoint shards:  33%|███▎      | 1/3 [00:19<00:38, 19.22s/it]Loading checkpoint shards:  67%|██████▋   | 2/3 [00:34<00:16, 16.67s/it]Loading checkpoint shards: 100%|██████████| 3/3 [00:34<00:00,  9.31s/it]Loading checkpoint shards: 100%|██████████| 3/3 [00:34<00:00, 11.55s/it]
Traceback (most recent call last):
  File "/home1/muttreja/mats_latent_safety/scripts/train_4b_skip0_stage.py", line 352, in <module>
    main()
  File "/home1/muttreja/mats_latent_safety/scripts/train_4b_skip0_stage.py", line 313, in main
    "config_sha256": sha256_json(config),
                     ^^^^^^^^^^^^^^^^^^^
  File "/home1/muttreja/mats_latent_safety/src/mats_latent_safety/hashing.py", line 21, in sha256_json
    return hashlib.sha256(canonical_json_bytes(value)).hexdigest()
                          ^^^^^^^^^^^^^^^^^^^^^^^^^^^
  File "/home1/muttreja/mats_latent_safety/src/mats_latent_safety/hashing.py", line 12, in canonical_json_bytes
    return json.dumps(
           ^^^^^^^^^^^
  File "/home1/muttreja/.local/share/uv/python/cpython-3.11.14-linux-x86_64-gnu/lib/python3.11/json/__init__.py", line 238, in dumps
    **kw).encode(obj)
          ^^^^^^^^^^^
  File "/home1/muttreja/.local/share/uv/python/cpython-3.11.14-linux-x86_64-gnu/lib/python3.11/json/encoder.py", line 200, in encode
    chunks = self.iterencode(o, _one_shot=True)
             ^^^^^^^^^^^^^^^^^^^^^^^^^^^^^^^^^^
  File "/home1/muttreja/.local/share/uv/python/cpython-3.11.14-linux-x86_64-gnu/lib/python3.11/json/encoder.py", line 258, in iterencode
    return _iterencode(o, 0)
           ^^^^^^^^^^^^^^^^^
  File "/home1/muttreja/.local/share/uv/python/cpython-3.11.14-linux-x86_64-gnu/lib/python3.11/json/encoder.py", line 180, in default
    raise TypeError(f'Object of type {o.__class__.__name__} '
TypeError: Object of type date is not JSON serializable
srun: error: a02-15: task 0: Exited with exit code 1
