name, memory.total [MiB], driver_version
NVIDIA A40, 46068 MiB, 580.159.04
{"condition": "m0", "prompt_id": "gsm8k-test-0001", "correct": true, "generated_tokens": 509, "stop_reason": "eos_token"}
{"condition": "m0", "prompt_id": "gsm8k-test-0006", "correct": true, "generated_tokens": 902, "stop_reason": "eos_token"}
{"condition": "m0", "prompt_id": "gsm8k-test-0013", "correct": true, "generated_tokens": 1548, "stop_reason": "eos_token"}
{"condition": "m0", "prompt_id": "gsm8k-test-0014", "correct": true, "generated_tokens": 1477, "stop_reason": "eos_token"}
{"condition": "m0", "prompt_id": "gsm8k-test-0023", "correct": true, "generated_tokens": 689, "stop_reason": "eos_token"}
{"condition": "m0", "prompt_id": "gsm8k-test-0039", "correct": true, "generated_tokens": 1899, "stop_reason": "eos_token"}
{"condition": "m0", "prompt_id": "gsm8k-test-0043", "correct": true, "generated_tokens": 1464, "stop_reason": "eos_token"}
{"condition": "m0", "prompt_id": "gsm8k-test-0051", "correct": true, "generated_tokens": 1111, "stop_reason": "eos_token"}
{"condition": "m0", "prompt_id": "gsm8k-test-0054", "correct": true, "generated_tokens": 2087, "stop_reason": "eos_token"}
{"condition": "m0", "prompt_id": "gsm8k-test-0061", "correct": true, "generated_tokens": 1125, "stop_reason": "eos_token"}
{"condition": "m0", "prompt_id": "gsm8k-test-0064", "correct": true, "generated_tokens": 1630, "stop_reason": "eos_token"}
{"condition": "m0", "prompt_id": "gsm8k-test-0065", "correct": false, "generated_tokens": 1316, "stop_reason": "eos_token"}
{"condition": "m0", "prompt_id": "gsm8k-test-0088", "correct": true, "generated_tokens": 853, "stop_reason": "eos_token"}
{"condition": "m0", "prompt_id": "gsm8k-test-0093", "correct": false, "generated_tokens": 2997, "stop_reason": "eos_token"}
{"condition": "m0", "prompt_id": "gsm8k-test-0096", "correct": true, "generated_tokens": 395, "stop_reason": "eos_token"}
{"condition": "m0", "prompt_id": "gsm8k-test-0114", "correct": false, "generated_tokens": 5120, "stop_reason": "length"}
{"condition": "m0", "prompt_id": "gsm8k-test-0118", "correct": true, "generated_tokens": 725, "stop_reason": "eos_token"}
{"condition": "m0", "prompt_id": "gsm8k-test-0120", "correct": true, "generated_tokens": 909, "stop_reason": "eos_token"}
{"condition": "m0", "prompt_id": "gsm8k-test-0130", "correct": true, "generated_tokens": 611, "stop_reason": "eos_token"}
{"condition": "m0", "prompt_id": "gsm8k-test-0131", "correct": true, "generated_tokens": 428, "stop_reason": "eos_token"}
{"condition": "m0", "prompt_id": "gsm8k-test-0135", "correct": true, "generated_tokens": 1224, "stop_reason": "eos_token"}
{"condition": "m0", "prompt_id": "gsm8k-test-0138", "correct": true, "generated_tokens": 1930, "stop_reason": "eos_token"}
{"condition": "m0", "prompt_id": "gsm8k-test-0141", "correct": true, "generated_tokens": 1099, "stop_reason": "eos_token"}
{"condition": "m0", "prompt_id": "gsm8k-test-0142", "correct": true, "generated_tokens": 423, "stop_reason": "eos_token"}
{"condition": "m0", "prompt_id": "gsm8k-test-0145", "correct": true, "generated_tokens": 882, "stop_reason": "eos_token"}
{"condition": "m0", "prompt_id": "gsm8k-test-0146", "correct": true, "generated_tokens": 1676, "stop_reason": "eos_token"}
{"condition": "m0", "prompt_id": "gsm8k-test-0161", "correct": true, "generated_tokens": 1312, "stop_reason": "eos_token"}
{"condition": "m0", "prompt_id": "gsm8k-test-0163", "correct": true, "generated_tokens": 1006, "stop_reason": "eos_token"}
{"condition": "m0", "prompt_id": "gsm8k-test-0175", "correct": true, "generated_tokens": 1022, "stop_reason": "eos_token"}
{"condition": "m0", "prompt_id": "gsm8k-test-0178", "correct": true, "generated_tokens": 984, "stop_reason": "eos_token"}
{"condition": "m0", "prompt_id": "gsm8k-test-0186", "correct": true, "generated_tokens": 1560, "stop_reason": "eos_token"}
{"condition": "m0", "prompt_id": "gsm8k-test-0189", "correct": true, "generated_tokens": 1385, "stop_reason": "eos_token"}
{"condition": "m0", "prompt_id": "gsm8k-test-0191", "correct": true, "generated_tokens": 557, "stop_reason": "eos_token"}
{"condition": "m0", "prompt_id": "gsm8k-test-0198", "correct": true, "generated_tokens": 1592, "stop_reason": "eos_token"}
{"condition": "m0", "prompt_id": "gsm8k-test-0206", "correct": true, "generated_tokens": 1159, "stop_reason": "eos_token"}
{"condition": "m0", "prompt_id": "gsm8k-test-0209", "correct": true, "generated_tokens": 1612, "stop_reason": "eos_token"}
{"condition": "m0", "prompt_id": "gsm8k-test-0217", "correct": true, "generated_tokens": 328, "stop_reason": "eos_token"}
{"condition": "m0", "prompt_id": "gsm8k-test-0224", "correct": true, "generated_tokens": 643, "stop_reason": "eos_token"}
{"condition": "m0", "prompt_id": "gsm8k-test-0228", "correct": true, "generated_tokens": 553, "stop_reason": "eos_token"}
{"condition": "m0", "prompt_id": "gsm8k-test-0229", "correct": true, "generated_tokens": 1486, "stop_reason": "eos_token"}
{"condition": "m0", "prompt_id": "gsm8k-test-0234", "correct": false, "generated_tokens": 1139, "stop_reason": "eos_token"}
{"condition": "m0", "prompt_id": "gsm8k-test-0247", "correct": true, "generated_tokens": 797, "stop_reason": "eos_token"}
{"condition": "m0", "prompt_id": "gsm8k-test-0255", "correct": false, "generated_tokens": 5120, "stop_reason": "length"}
{"condition": "m0", "prompt_id": "gsm8k-test-0257", "correct": false, "generated_tokens": 1226, "stop_reason": "eos_token"}
{"condition": "m0", "prompt_id": "gsm8k-test-0262", "correct": true, "generated_tokens": 362, "stop_reason": "eos_token"}
{"condition": "m0", "prompt_id": "gsm8k-test-0270", "correct": true, "generated_tokens": 649, "stop_reason": "eos_token"}
{"condition": "m0", "prompt_id": "gsm8k-test-0283", "correct": true, "generated_tokens": 3925, "stop_reason": "eos_token"}
{"condition": "m0", "prompt_id": "gsm8k-test-0285", "correct": false, "generated_tokens": 452, "stop_reason": "eos_token"}
{"condition": "m0", "prompt_id": "gsm8k-test-0292", "correct": true, "generated_tokens": 1608, "stop_reason": "eos_token"}
{"condition": "m0", "prompt_id": "gsm8k-test-0313", "correct": true, "generated_tokens": 3757, "stop_reason": "eos_token"}
{"condition": "m0", "prompt_id": "gsm8k-test-0318", "correct": true, "generated_tokens": 996, "stop_reason": "eos_token"}
{"condition": "m0", "prompt_id": "gsm8k-test-0323", "correct": true, "generated_tokens": 1534, "stop_reason": "eos_token"}
{"condition": "m0", "prompt_id": "gsm8k-test-0326", "correct": true, "generated_tokens": 1061, "stop_reason": "eos_token"}
{"condition": "m0", "prompt_id": "gsm8k-test-0327", "correct": true, "generated_tokens": 950, "stop_reason": "eos_token"}
{"condition": "m0", "prompt_id": "gsm8k-test-0330", "correct": true, "generated_tokens": 1786, "stop_reason": "eos_token"}
{"condition": "m0", "prompt_id": "gsm8k-test-0333", "correct": true, "generated_tokens": 954, "stop_reason": "eos_token"}
{"condition": "m0", "prompt_id": "gsm8k-test-0334", "correct": true, "generated_tokens": 1743, "stop_reason": "eos_token"}
{"condition": "m0", "prompt_id": "gsm8k-test-0338", "correct": true, "generated_tokens": 1571, "stop_reason": "eos_token"}
{"condition": "m0", "prompt_id": "gsm8k-test-0350", "correct": true, "generated_tokens": 829, "stop_reason": "eos_token"}
{"condition": "m0", "prompt_id": "gsm8k-test-0365", "correct": true, "generated_tokens": 1050, "stop_reason": "eos_token"}
{"condition": "m0", "prompt_id": "gsm8k-test-0393", "correct": true, "generated_tokens": 998, "stop_reason": "eos_token"}
{"condition": "m0", "prompt_id": "gsm8k-test-0407", "correct": true, "generated_tokens": 1592, "stop_reason": "eos_token"}
{"condition": "m0", "prompt_id": "gsm8k-test-0411", "correct": true, "generated_tokens": 972, "stop_reason": "eos_token"}
{"condition": "m0", "prompt_id": "gsm8k-test-0429", "correct": true, "generated_tokens": 520, "stop_reason": "eos_token"}
{"condition": "m0", "prompt_id": "gsm8k-test-0432", "correct": true, "generated_tokens": 1023, "stop_reason": "eos_token"}
{"condition": "m0", "prompt_id": "gsm8k-test-0433", "correct": true, "generated_tokens": 1074, "stop_reason": "eos_token"}
{"condition": "m0", "prompt_id": "gsm8k-test-0435", "correct": true, "generated_tokens": 409, "stop_reason": "eos_token"}
{"condition": "m0", "prompt_id": "gsm8k-test-0438", "correct": true, "generated_tokens": 764, "stop_reason": "eos_token"}
{"condition": "m0", "prompt_id": "gsm8k-test-0440", "correct": true, "generated_tokens": 1071, "stop_reason": "eos_token"}
{"condition": "m0", "prompt_id": "gsm8k-test-0447", "correct": true, "generated_tokens": 808, "stop_reason": "eos_token"}
{"condition": "m0", "prompt_id": "gsm8k-test-0449", "correct": true, "generated_tokens": 499, "stop_reason": "eos_token"}
{"condition": "m0", "prompt_id": "gsm8k-test-0451", "correct": false, "generated_tokens": 1277, "stop_reason": "eos_token"}
{"condition": "m0", "prompt_id": "gsm8k-test-0457", "correct": true, "generated_tokens": 1264, "stop_reason": "eos_token"}
{"condition": "m0", "prompt_id": "gsm8k-test-0460", "correct": true, "generated_tokens": 922, "stop_reason": "eos_token"}
{"condition": "m0", "prompt_id": "gsm8k-test-0466", "correct": false, "generated_tokens": 1524, "stop_reason": "eos_token"}
{"condition": "m0", "prompt_id": "gsm8k-test-0468", "correct": true, "generated_tokens": 1376, "stop_reason": "eos_token"}
{"condition": "m0", "prompt_id": "gsm8k-test-0469", "correct": true, "generated_tokens": 499, "stop_reason": "eos_token"}
{"condition": "m0", "prompt_id": "gsm8k-test-0471", "correct": true, "generated_tokens": 1750, "stop_reason": "eos_token"}
{"condition": "m0", "prompt_id": "gsm8k-test-0476", "correct": true, "generated_tokens": 579, "stop_reason": "eos_token"}
{"condition": "m0", "prompt_id": "gsm8k-test-0487", "correct": true, "generated_tokens": 827, "stop_reason": "eos_token"}
{"condition": "m0", "prompt_id": "gsm8k-test-0490", "correct": true, "generated_tokens": 518, "stop_reason": "eos_token"}
{"condition": "m0", "prompt_id": "gsm8k-test-0493", "correct": true, "generated_tokens": 2849, "stop_reason": "eos_token"}
{"condition": "m0", "prompt_id": "gsm8k-test-0501", "correct": false, "generated_tokens": 1145, "stop_reason": "eos_token"}
{"condition": "m0", "prompt_id": "gsm8k-test-0505", "correct": true, "generated_tokens": 2199, "stop_reason": "eos_token"}
