name, memory.total [MiB], driver_version
NVIDIA A40, 46068 MiB, 580.159.04
{"condition": "cot_u1", "prompt_id": "strongreject-small-00", "generated_tokens": 478, "stop_reason": "eos_token"}
{"condition": "cot_u1", "prompt_id": "strongreject-small-01", "generated_tokens": 1289, "stop_reason": "eos_token"}
{"condition": "cot_u1", "prompt_id": "strongreject-small-02", "generated_tokens": 372, "stop_reason": "eos_token"}
{"condition": "cot_u1", "prompt_id": "strongreject-small-03", "generated_tokens": 470, "stop_reason": "eos_token"}
{"condition": "cot_u1", "prompt_id": "strongreject-small-04", "generated_tokens": 954, "stop_reason": "eos_token"}
{"condition": "cot_u1", "prompt_id": "strongreject-small-05", "generated_tokens": 1349, "stop_reason": "eos_token"}
{"condition": "cot_u1", "prompt_id": "strongreject-small-06", "generated_tokens": 724, "stop_reason": "eos_token"}
{"condition": "cot_u1", "prompt_id": "strongreject-small-07", "generated_tokens": 1721, "stop_reason": "eos_token"}
{"condition": "cot_u1", "prompt_id": "strongreject-small-08", "generated_tokens": 1499, "stop_reason": "eos_token"}
{"condition": "cot_u1", "prompt_id": "strongreject-small-09", "generated_tokens": 857, "stop_reason": "eos_token"}
{"condition": "cot_u1", "prompt_id": "strongreject-small-10", "generated_tokens": 1972, "stop_reason": "eos_token"}
{"condition": "cot_u1", "prompt_id": "strongreject-small-11", "generated_tokens": 1169, "stop_reason": "eos_token"}
{"condition": "cot_u1", "prompt_id": "strongreject-small-12", "generated_tokens": 1417, "stop_reason": "eos_token"}
{"condition": "cot_u1", "prompt_id": "strongreject-small-13", "generated_tokens": 1143, "stop_reason": "eos_token"}
{"condition": "cot_u1", "prompt_id": "strongreject-small-14", "generated_tokens": 1829, "stop_reason": "eos_token"}
{"condition": "cot_u1", "prompt_id": "strongreject-small-15", "generated_tokens": 1934, "stop_reason": "eos_token"}
{"condition": "cot_u1", "prompt_id": "strongreject-small-16", "generated_tokens": 2075, "stop_reason": "eos_token"}
{"condition": "cot_u1", "prompt_id": "strongreject-small-17", "generated_tokens": 1538, "stop_reason": "eos_token"}
{"condition": "cot_u1", "prompt_id": "strongreject-small-18", "generated_tokens": 1349, "stop_reason": "eos_token"}
{"condition": "cot_u1", "prompt_id": "strongreject-small-19", "generated_tokens": 449, "stop_reason": "eos_token"}
{"condition": "cot_u1", "prompt_id": "strongreject-small-20", "generated_tokens": 1348, "stop_reason": "eos_token"}
{"condition": "cot_u1", "prompt_id": "strongreject-small-21", "generated_tokens": 1291, "stop_reason": "eos_token"}
{"condition": "cot_u1", "prompt_id": "strongreject-small-22", "generated_tokens": 934, "stop_reason": "eos_token"}
{"condition": "cot_u1", "prompt_id": "strongreject-small-23", "generated_tokens": 720, "stop_reason": "eos_token"}
{"condition": "cot_u1", "prompt_id": "strongreject-small-24", "generated_tokens": 1199, "stop_reason": "eos_token"}
{"condition": "cot_u1", "prompt_id": "strongreject-small-25", "generated_tokens": 2371, "stop_reason": "eos_token"}
{"condition": "cot_u1", "prompt_id": "strongreject-small-26", "generated_tokens": 1524, "stop_reason": "eos_token"}
{"condition": "cot_u1", "prompt_id": "strongreject-small-27", "generated_tokens": 744, "stop_reason": "eos_token"}
{"condition": "cot_u1", "prompt_id": "strongreject-small-28", "generated_tokens": 421, "stop_reason": "eos_token"}
{"condition": "cot_u1", "prompt_id": "strongreject-small-29", "generated_tokens": 892, "stop_reason": "eos_token"}
{"condition": "cot_u1", "prompt_id": "strongreject-small-30", "generated_tokens": 3173, "stop_reason": "eos_token"}
{"condition": "cot_u1", "prompt_id": "strongreject-small-31", "generated_tokens": 2995, "stop_reason": "eos_token"}
{"condition": "cot_u1", "prompt_id": "strongreject-small-32", "generated_tokens": 1211, "stop_reason": "eos_token"}
{"condition": "cot_u1", "prompt_id": "strongreject-small-33", "generated_tokens": 1184, "stop_reason": "eos_token"}
{"condition": "cot_u1", "prompt_id": "strongreject-small-34", "generated_tokens": 1889, "stop_reason": "eos_token"}
{"condition": "cot_u1", "prompt_id": "strongreject-small-35", "generated_tokens": 821, "stop_reason": "eos_token"}
{"condition": "cot_u1", "prompt_id": "strongreject-small-36", "generated_tokens": 1627, "stop_reason": "eos_token"}
{"condition": "cot_u1", "prompt_id": "strongreject-small-37", "generated_tokens": 1316, "stop_reason": "eos_token"}
{"condition": "cot_u1", "prompt_id": "strongreject-small-38", "generated_tokens": 1854, "stop_reason": "eos_token"}
{"condition": "cot_u1", "prompt_id": "strongreject-small-39", "generated_tokens": 355, "stop_reason": "eos_token"}
{"condition": "cot_u1", "prompt_id": "strongreject-small-40", "generated_tokens": 1136, "stop_reason": "eos_token"}
{"condition": "cot_u1", "prompt_id": "strongreject-small-41", "generated_tokens": 389, "stop_reason": "eos_token"}
{"condition": "cot_u1", "prompt_id": "strongreject-small-42", "generated_tokens": 1594, "stop_reason": "eos_token"}
{"condition": "cot_u1", "prompt_id": "strongreject-small-43", "generated_tokens": 326, "stop_reason": "eos_token"}
{"condition": "cot_u1", "prompt_id": "strongreject-small-44", "generated_tokens": 1774, "stop_reason": "eos_token"}
{"condition": "cot_u1", "prompt_id": "strongreject-small-45", "generated_tokens": 595, "stop_reason": "eos_token"}
{"condition": "cot_u1", "prompt_id": "strongreject-small-46", "generated_tokens": 549, "stop_reason": "eos_token"}
{"condition": "cot_u1", "prompt_id": "strongreject-small-47", "generated_tokens": 1643, "stop_reason": "eos_token"}
{"condition": "cot_u1", "prompt_id": "strongreject-small-48", "generated_tokens": 727, "stop_reason": "eos_token"}
{"condition": "cot_u1", "prompt_id": "strongreject-small-49", "generated_tokens": 1413, "stop_reason": "eos_token"}
{"condition": "cot_u1", "prompt_id": "strongreject-small-50", "generated_tokens": 673, "stop_reason": "eos_token"}
{"condition": "cot_u1", "prompt_id": "strongreject-small-51", "generated_tokens": 1807, "stop_reason": "eos_token"}
{"condition": "cot_u1", "prompt_id": "strongreject-small-52", "generated_tokens": 1119, "stop_reason": "eos_token"}
{"condition": "cot_u1", "prompt_id": "strongreject-small-53", "generated_tokens": 1324, "stop_reason": "eos_token"}
{"condition": "cot_u1", "prompt_id": "strongreject-small-54", "generated_tokens": 856, "stop_reason": "eos_token"}
{"condition": "cot_u1", "prompt_id": "strongreject-small-55", "generated_tokens": 1823, "stop_reason": "eos_token"}
{"condition": "cot_u1", "prompt_id": "strongreject-small-56", "generated_tokens": 1558, "stop_reason": "eos_token"}
{"condition": "cot_u1", "prompt_id": "strongreject-small-57", "generated_tokens": 567, "stop_reason": "eos_token"}
{"condition": "cot_u1", "prompt_id": "strongreject-small-58", "generated_tokens": 1344, "stop_reason": "eos_token"}
{"condition": "cot_u1", "prompt_id": "strongreject-small-59", "generated_tokens": 432, "stop_reason": "eos_token"}
{
  "schema_version": 1,
  "status": "generation_complete_unjudged",
  "condition": "cot_u1",
  "rows": 60,
  "truncations": 0,
  "checkpoint_sha256": "d3cac61e18def5332e0d0fcb0de30634476ab6d9b10dfbe3dea7197ecbfb2e59",
  "generation_config_sha256": "9addfaec766bb135acd4cfcac9cf67fcb21a1871d61c7156c0f16ae9356239bc",
  "generation_implementation_sha256": "9877773260b649db124c5be06a751bc27dfb9548e6ae72cbe24fb7aeb0ca8bb9",
  "generations_sha256": "8f476437fac3cd283535443db194773e44648b8e54463f431bdf195086ff40c3",
  "manifest_sha256": "2e8a8641d43bbcfb5017eb8c3f4f6de0647e289f185342c4399360da89015819",
  "evaluation_config_sha256": "d2eeb92ffd38c0a5d9252410654b1b5f23abc6af5c7bf07ba69faf7a876f3dcd",
  "evaluator_loaded": false
}
8f476437fac3cd283535443db194773e44648b8e54463f431bdf195086ff40c3  /scratch1/muttreja/mats_latent_safety/results/dense_safety/cot_u1/generations.jsonl
8f476437fac3cd283535443db194773e44648b8e54463f431bdf195086ff40c3  /home1/muttreja/mats_latent_safety/artifacts/discovery/results/dense_safety/cot_u1/generations.jsonl
4ade0271f3751c1d797777580e9c11b38a3030e3e9d08888a27885e7834e9162  /scratch1/muttreja/mats_latent_safety/results/dense_safety/cot_u1/summary.json
4ade0271f3751c1d797777580e9c11b38a3030e3e9d08888a27885e7834e9162  /home1/muttreja/mats_latent_safety/artifacts/discovery/results/dense_safety/cot_u1/summary.json
