name, memory.total [MiB], driver_version
NVIDIA A40, 46068 MiB, 580.159.04
{"condition": "m0", "prompt_id": "gsm8k-test-0507", "correct": true, "generated_tokens": 965, "stop_reason": "eos_token"}
{"condition": "m0", "prompt_id": "gsm8k-test-0514", "correct": true, "generated_tokens": 874, "stop_reason": "eos_token"}
{"condition": "m0", "prompt_id": "gsm8k-test-0538", "correct": false, "generated_tokens": 910, "stop_reason": "eos_token"}
{"condition": "m0", "prompt_id": "gsm8k-test-0539", "correct": true, "generated_tokens": 1467, "stop_reason": "eos_token"}
{"condition": "m0", "prompt_id": "gsm8k-test-0541", "correct": true, "generated_tokens": 1218, "stop_reason": "eos_token"}
{"condition": "m0", "prompt_id": "gsm8k-test-0542", "correct": false, "generated_tokens": 1053, "stop_reason": "eos_token"}
{"condition": "m0", "prompt_id": "gsm8k-test-0546", "correct": true, "generated_tokens": 1712, "stop_reason": "eos_token"}
{"condition": "m0", "prompt_id": "gsm8k-test-0548", "correct": true, "generated_tokens": 487, "stop_reason": "eos_token"}
{"condition": "m0", "prompt_id": "gsm8k-test-0552", "correct": false, "generated_tokens": 5120, "stop_reason": "length"}
{"condition": "m0", "prompt_id": "gsm8k-test-0563", "correct": true, "generated_tokens": 995, "stop_reason": "eos_token"}
{"condition": "m0", "prompt_id": "gsm8k-test-0569", "correct": true, "generated_tokens": 653, "stop_reason": "eos_token"}
{"condition": "m0", "prompt_id": "gsm8k-test-0570", "correct": true, "generated_tokens": 1597, "stop_reason": "eos_token"}
{"condition": "m0", "prompt_id": "gsm8k-test-0592", "correct": true, "generated_tokens": 486, "stop_reason": "eos_token"}
{"condition": "m0", "prompt_id": "gsm8k-test-0600", "correct": true, "generated_tokens": 725, "stop_reason": "eos_token"}
{"condition": "m0", "prompt_id": "gsm8k-test-0601", "correct": true, "generated_tokens": 2939, "stop_reason": "eos_token"}
{"condition": "m0", "prompt_id": "gsm8k-test-0611", "correct": true, "generated_tokens": 4562, "stop_reason": "eos_token"}
{"condition": "m0", "prompt_id": "gsm8k-test-0629", "correct": true, "generated_tokens": 4594, "stop_reason": "eos_token"}
{"condition": "m0", "prompt_id": "gsm8k-test-0638", "correct": false, "generated_tokens": 1054, "stop_reason": "eos_token"}
{"condition": "m0", "prompt_id": "gsm8k-test-0644", "correct": true, "generated_tokens": 800, "stop_reason": "eos_token"}
{"condition": "m0", "prompt_id": "gsm8k-test-0646", "correct": true, "generated_tokens": 848, "stop_reason": "eos_token"}
{"condition": "m0", "prompt_id": "gsm8k-test-0663", "correct": true, "generated_tokens": 814, "stop_reason": "eos_token"}
{"condition": "m0", "prompt_id": "gsm8k-test-0664", "correct": true, "generated_tokens": 946, "stop_reason": "eos_token"}
{"condition": "m0", "prompt_id": "gsm8k-test-0676", "correct": true, "generated_tokens": 1626, "stop_reason": "eos_token"}
{"condition": "m0", "prompt_id": "gsm8k-test-0689", "correct": false, "generated_tokens": 1377, "stop_reason": "eos_token"}
{"condition": "m0", "prompt_id": "gsm8k-test-0692", "correct": false, "generated_tokens": 1013, "stop_reason": "eos_token"}
{"condition": "m0", "prompt_id": "gsm8k-test-0696", "correct": true, "generated_tokens": 2400, "stop_reason": "eos_token"}
{"condition": "m0", "prompt_id": "gsm8k-test-0704", "correct": true, "generated_tokens": 576, "stop_reason": "eos_token"}
{"condition": "m0", "prompt_id": "gsm8k-test-0727", "correct": true, "generated_tokens": 1573, "stop_reason": "eos_token"}
{"condition": "m0", "prompt_id": "gsm8k-test-0735", "correct": true, "generated_tokens": 948, "stop_reason": "eos_token"}
{"condition": "m0", "prompt_id": "gsm8k-test-0740", "correct": true, "generated_tokens": 1309, "stop_reason": "eos_token"}
{"condition": "m0", "prompt_id": "gsm8k-test-0741", "correct": true, "generated_tokens": 864, "stop_reason": "eos_token"}
{"condition": "m0", "prompt_id": "gsm8k-test-0743", "correct": true, "generated_tokens": 689, "stop_reason": "eos_token"}
{"condition": "m0", "prompt_id": "gsm8k-test-0747", "correct": true, "generated_tokens": 627, "stop_reason": "eos_token"}
{"condition": "m0", "prompt_id": "gsm8k-test-0758", "correct": true, "generated_tokens": 872, "stop_reason": "eos_token"}
{"condition": "m0", "prompt_id": "gsm8k-test-0764", "correct": true, "generated_tokens": 684, "stop_reason": "eos_token"}
{"condition": "m0", "prompt_id": "gsm8k-test-0765", "correct": true, "generated_tokens": 762, "stop_reason": "eos_token"}
{"condition": "m0", "prompt_id": "gsm8k-test-0775", "correct": true, "generated_tokens": 916, "stop_reason": "eos_token"}
{"condition": "m0", "prompt_id": "gsm8k-test-0777", "correct": true, "generated_tokens": 2057, "stop_reason": "eos_token"}
{"condition": "m0", "prompt_id": "gsm8k-test-0778", "correct": false, "generated_tokens": 535, "stop_reason": "eos_token"}
{"condition": "m0", "prompt_id": "gsm8k-test-0781", "correct": true, "generated_tokens": 4582, "stop_reason": "eos_token"}
{"condition": "m0", "prompt_id": "gsm8k-test-0788", "correct": true, "generated_tokens": 588, "stop_reason": "eos_token"}
{"condition": "m0", "prompt_id": "gsm8k-test-0810", "correct": true, "generated_tokens": 1966, "stop_reason": "eos_token"}
{"condition": "m0", "prompt_id": "gsm8k-test-0817", "correct": true, "generated_tokens": 387, "stop_reason": "eos_token"}
{"condition": "m0", "prompt_id": "gsm8k-test-0821", "correct": true, "generated_tokens": 4137, "stop_reason": "eos_token"}
{"condition": "m0", "prompt_id": "gsm8k-test-0859", "correct": true, "generated_tokens": 1044, "stop_reason": "eos_token"}
{"condition": "m0", "prompt_id": "gsm8k-test-0864", "correct": true, "generated_tokens": 622, "stop_reason": "eos_token"}
{"condition": "m0", "prompt_id": "gsm8k-test-0865", "correct": true, "generated_tokens": 877, "stop_reason": "eos_token"}
{"condition": "m0", "prompt_id": "gsm8k-test-0866", "correct": true, "generated_tokens": 1070, "stop_reason": "eos_token"}
{"condition": "m0", "prompt_id": "gsm8k-test-0877", "correct": true, "generated_tokens": 1177, "stop_reason": "eos_token"}
{"condition": "m0", "prompt_id": "gsm8k-test-0890", "correct": true, "generated_tokens": 1526, "stop_reason": "eos_token"}
{"condition": "m0", "prompt_id": "gsm8k-test-0897", "correct": true, "generated_tokens": 1019, "stop_reason": "eos_token"}
{"condition": "m0", "prompt_id": "gsm8k-test-0919", "correct": true, "generated_tokens": 1469, "stop_reason": "eos_token"}
{"condition": "m0", "prompt_id": "gsm8k-test-0924", "correct": false, "generated_tokens": 5120, "stop_reason": "length"}
{"condition": "m0", "prompt_id": "gsm8k-test-0928", "correct": true, "generated_tokens": 1555, "stop_reason": "eos_token"}
{"condition": "m0", "prompt_id": "gsm8k-test-0929", "correct": true, "generated_tokens": 661, "stop_reason": "eos_token"}
{"condition": "m0", "prompt_id": "gsm8k-test-0939", "correct": true, "generated_tokens": 1455, "stop_reason": "eos_token"}
{"condition": "m0", "prompt_id": "gsm8k-test-0940", "correct": true, "generated_tokens": 1028, "stop_reason": "eos_token"}
{"condition": "m0", "prompt_id": "gsm8k-test-0946", "correct": true, "generated_tokens": 923, "stop_reason": "eos_token"}
{"condition": "m0", "prompt_id": "gsm8k-test-0958", "correct": true, "generated_tokens": 993, "stop_reason": "eos_token"}
{"condition": "m0", "prompt_id": "gsm8k-test-0973", "correct": true, "generated_tokens": 912, "stop_reason": "eos_token"}
{"condition": "m0", "prompt_id": "gsm8k-test-0994", "correct": true, "generated_tokens": 1369, "stop_reason": "eos_token"}
{"condition": "m0", "prompt_id": "gsm8k-test-0995", "correct": true, "generated_tokens": 571, "stop_reason": "eos_token"}
{"condition": "m0", "prompt_id": "gsm8k-test-1000", "correct": true, "generated_tokens": 736, "stop_reason": "eos_token"}
{"condition": "m0", "prompt_id": "gsm8k-test-1010", "correct": true, "generated_tokens": 903, "stop_reason": "eos_token"}
{"condition": "m0", "prompt_id": "gsm8k-test-1022", "correct": true, "generated_tokens": 1185, "stop_reason": "eos_token"}
{"condition": "m0", "prompt_id": "gsm8k-test-1025", "correct": true, "generated_tokens": 1326, "stop_reason": "eos_token"}
{"condition": "m0", "prompt_id": "gsm8k-test-1034", "correct": true, "generated_tokens": 468, "stop_reason": "eos_token"}
{"condition": "m0", "prompt_id": "gsm8k-test-1039", "correct": true, "generated_tokens": 1723, "stop_reason": "eos_token"}
{"condition": "m0", "prompt_id": "gsm8k-test-1043", "correct": true, "generated_tokens": 1017, "stop_reason": "eos_token"}
{"condition": "m0", "prompt_id": "gsm8k-test-1052", "correct": true, "generated_tokens": 1953, "stop_reason": "eos_token"}
{"condition": "m0", "prompt_id": "gsm8k-test-1059", "correct": false, "generated_tokens": 808, "stop_reason": "eos_token"}
{"condition": "m0", "prompt_id": "gsm8k-test-1080", "correct": false, "generated_tokens": 1602, "stop_reason": "eos_token"}
{"condition": "m0", "prompt_id": "gsm8k-test-1083", "correct": true, "generated_tokens": 1134, "stop_reason": "eos_token"}
{"condition": "m0", "prompt_id": "gsm8k-test-1086", "correct": false, "generated_tokens": 2208, "stop_reason": "eos_token"}
{"condition": "m0", "prompt_id": "gsm8k-test-1090", "correct": true, "generated_tokens": 942, "stop_reason": "eos_token"}
{"condition": "m0", "prompt_id": "gsm8k-test-1093", "correct": true, "generated_tokens": 2109, "stop_reason": "eos_token"}
{"condition": "m0", "prompt_id": "gsm8k-test-1098", "correct": true, "generated_tokens": 653, "stop_reason": "eos_token"}
{"condition": "m0", "prompt_id": "gsm8k-test-1099", "correct": true, "generated_tokens": 724, "stop_reason": "eos_token"}
{"condition": "m0", "prompt_id": "gsm8k-test-1103", "correct": true, "generated_tokens": 1206, "stop_reason": "eos_token"}
{"condition": "m0", "prompt_id": "gsm8k-test-1104", "correct": true, "generated_tokens": 822, "stop_reason": "eos_token"}
{"condition": "m0", "prompt_id": "gsm8k-test-1116", "correct": true, "generated_tokens": 748, "stop_reason": "eos_token"}
