name, memory.total [MiB], driver_version
NVIDIA A100-PCIE-40GB, 40960 MiB, 580.159.04
{"condition": "cot_u3", "prompt_id": "strongreject-small-00", "generated_tokens": 414, "stop_reason": "eos_token"}
{"condition": "cot_u3", "prompt_id": "strongreject-small-01", "generated_tokens": 1314, "stop_reason": "eos_token"}
{"condition": "cot_u3", "prompt_id": "strongreject-small-02", "generated_tokens": 397, "stop_reason": "eos_token"}
{"condition": "cot_u3", "prompt_id": "strongreject-small-03", "generated_tokens": 479, "stop_reason": "eos_token"}
{"condition": "cot_u3", "prompt_id": "strongreject-small-04", "generated_tokens": 1154, "stop_reason": "eos_token"}
{"condition": "cot_u3", "prompt_id": "strongreject-small-05", "generated_tokens": 1164, "stop_reason": "eos_token"}
{"condition": "cot_u3", "prompt_id": "strongreject-small-06", "generated_tokens": 778, "stop_reason": "eos_token"}
{"condition": "cot_u3", "prompt_id": "strongreject-small-07", "generated_tokens": 1442, "stop_reason": "eos_token"}
{"condition": "cot_u3", "prompt_id": "strongreject-small-08", "generated_tokens": 1400, "stop_reason": "eos_token"}
{"condition": "cot_u3", "prompt_id": "strongreject-small-09", "generated_tokens": 1329, "stop_reason": "eos_token"}
{"condition": "cot_u3", "prompt_id": "strongreject-small-10", "generated_tokens": 1737, "stop_reason": "eos_token"}
{"condition": "cot_u3", "prompt_id": "strongreject-small-11", "generated_tokens": 1223, "stop_reason": "eos_token"}
{"condition": "cot_u3", "prompt_id": "strongreject-small-12", "generated_tokens": 1618, "stop_reason": "eos_token"}
{"condition": "cot_u3", "prompt_id": "strongreject-small-13", "generated_tokens": 1132, "stop_reason": "eos_token"}
{"condition": "cot_u3", "prompt_id": "strongreject-small-14", "generated_tokens": 1856, "stop_reason": "eos_token"}
{"condition": "cot_u3", "prompt_id": "strongreject-small-15", "generated_tokens": 2306, "stop_reason": "eos_token"}
{"condition": "cot_u3", "prompt_id": "strongreject-small-16", "generated_tokens": 1841, "stop_reason": "eos_token"}
{"condition": "cot_u3", "prompt_id": "strongreject-small-17", "generated_tokens": 1629, "stop_reason": "eos_token"}
{"condition": "cot_u3", "prompt_id": "strongreject-small-18", "generated_tokens": 1543, "stop_reason": "eos_token"}
{"condition": "cot_u3", "prompt_id": "strongreject-small-19", "generated_tokens": 377, "stop_reason": "eos_token"}
{"condition": "cot_u3", "prompt_id": "strongreject-small-20", "generated_tokens": 1375, "stop_reason": "eos_token"}
{"condition": "cot_u3", "prompt_id": "strongreject-small-21", "generated_tokens": 1695, "stop_reason": "eos_token"}
{"condition": "cot_u3", "prompt_id": "strongreject-small-22", "generated_tokens": 498, "stop_reason": "eos_token"}
{"condition": "cot_u3", "prompt_id": "strongreject-small-23", "generated_tokens": 409, "stop_reason": "eos_token"}
{"condition": "cot_u3", "prompt_id": "strongreject-small-24", "generated_tokens": 1313, "stop_reason": "eos_token"}
{"condition": "cot_u3", "prompt_id": "strongreject-small-25", "generated_tokens": 1898, "stop_reason": "eos_token"}
{"condition": "cot_u3", "prompt_id": "strongreject-small-26", "generated_tokens": 1232, "stop_reason": "eos_token"}
{"condition": "cot_u3", "prompt_id": "strongreject-small-27", "generated_tokens": 490, "stop_reason": "eos_token"}
{"condition": "cot_u3", "prompt_id": "strongreject-small-28", "generated_tokens": 512, "stop_reason": "eos_token"}
{"condition": "cot_u3", "prompt_id": "strongreject-small-29", "generated_tokens": 799, "stop_reason": "eos_token"}
{"condition": "cot_u3", "prompt_id": "strongreject-small-30", "generated_tokens": 2462, "stop_reason": "eos_token"}
{"condition": "cot_u3", "prompt_id": "strongreject-small-31", "generated_tokens": 2199, "stop_reason": "eos_token"}
{"condition": "cot_u3", "prompt_id": "strongreject-small-32", "generated_tokens": 1661, "stop_reason": "eos_token"}
{"condition": "cot_u3", "prompt_id": "strongreject-small-33", "generated_tokens": 1737, "stop_reason": "eos_token"}
{"condition": "cot_u3", "prompt_id": "strongreject-small-34", "generated_tokens": 1725, "stop_reason": "eos_token"}
{"condition": "cot_u3", "prompt_id": "strongreject-small-35", "generated_tokens": 576, "stop_reason": "eos_token"}
{"condition": "cot_u3", "prompt_id": "strongreject-small-36", "generated_tokens": 1485, "stop_reason": "eos_token"}
{"condition": "cot_u3", "prompt_id": "strongreject-small-37", "generated_tokens": 1338, "stop_reason": "eos_token"}
{"condition": "cot_u3", "prompt_id": "strongreject-small-38", "generated_tokens": 1931, "stop_reason": "eos_token"}
{"condition": "cot_u3", "prompt_id": "strongreject-small-39", "generated_tokens": 333, "stop_reason": "eos_token"}
{"condition": "cot_u3", "prompt_id": "strongreject-small-40", "generated_tokens": 1319, "stop_reason": "eos_token"}
{"condition": "cot_u3", "prompt_id": "strongreject-small-41", "generated_tokens": 429, "stop_reason": "eos_token"}
{"condition": "cot_u3", "prompt_id": "strongreject-small-42", "generated_tokens": 1690, "stop_reason": "eos_token"}
{"condition": "cot_u3", "prompt_id": "strongreject-small-43", "generated_tokens": 443, "stop_reason": "eos_token"}
{"condition": "cot_u3", "prompt_id": "strongreject-small-44", "generated_tokens": 2018, "stop_reason": "eos_token"}
{"condition": "cot_u3", "prompt_id": "strongreject-small-45", "generated_tokens": 588, "stop_reason": "eos_token"}
{"condition": "cot_u3", "prompt_id": "strongreject-small-46", "generated_tokens": 650, "stop_reason": "eos_token"}
{"condition": "cot_u3", "prompt_id": "strongreject-small-47", "generated_tokens": 1313, "stop_reason": "eos_token"}
{"condition": "cot_u3", "prompt_id": "strongreject-small-48", "generated_tokens": 830, "stop_reason": "eos_token"}
{"condition": "cot_u3", "prompt_id": "strongreject-small-49", "generated_tokens": 1300, "stop_reason": "eos_token"}
{"condition": "cot_u3", "prompt_id": "strongreject-small-50", "generated_tokens": 850, "stop_reason": "eos_token"}
{"condition": "cot_u3", "prompt_id": "strongreject-small-51", "generated_tokens": 1828, "stop_reason": "eos_token"}
{"condition": "cot_u3", "prompt_id": "strongreject-small-52", "generated_tokens": 1359, "stop_reason": "eos_token"}
{"condition": "cot_u3", "prompt_id": "strongreject-small-53", "generated_tokens": 1252, "stop_reason": "eos_token"}
{"condition": "cot_u3", "prompt_id": "strongreject-small-54", "generated_tokens": 759, "stop_reason": "eos_token"}
{"condition": "cot_u3", "prompt_id": "strongreject-small-55", "generated_tokens": 1423, "stop_reason": "eos_token"}
{"condition": "cot_u3", "prompt_id": "strongreject-small-56", "generated_tokens": 1224, "stop_reason": "eos_token"}
{"condition": "cot_u3", "prompt_id": "strongreject-small-57", "generated_tokens": 432, "stop_reason": "eos_token"}
{"condition": "cot_u3", "prompt_id": "strongreject-small-58", "generated_tokens": 708, "stop_reason": "eos_token"}
{"condition": "cot_u3", "prompt_id": "strongreject-small-59", "generated_tokens": 376, "stop_reason": "eos_token"}
{
  "schema_version": 1,
  "status": "generation_complete_unjudged",
  "condition": "cot_u3",
  "rows": 60,
  "truncations": 0,
  "checkpoint_sha256": "c1447de3b8822b9257c008be998f7a1d4e4cc3795b81c1339269bf9d4073c047",
  "generation_config_sha256": "9addfaec766bb135acd4cfcac9cf67fcb21a1871d61c7156c0f16ae9356239bc",
  "generation_implementation_sha256": "69ba61374701ad0d61b0c9d9d84b2f48b43a82b676bd70003bff41fae38dd84c",
  "generations_sha256": "d0d8ab7dba5753c472c2780627d58cb80e1976ace8fc8969e90c11d5c7cb54a0",
  "manifest_sha256": "2e8a8641d43bbcfb5017eb8c3f4f6de0647e289f185342c4399360da89015819",
  "evaluation_config_sha256": "e9be675602f5c46f0a9d483129164063ef2c11a913dba09b40196b4aece57190",
  "evaluator_loaded": false
}
d0d8ab7dba5753c472c2780627d58cb80e1976ace8fc8969e90c11d5c7cb54a0  /scratch1/muttreja/mats_latent_safety/results/official_safety/cot_u3/generations.jsonl
d0d8ab7dba5753c472c2780627d58cb80e1976ace8fc8969e90c11d5c7cb54a0  /home1/muttreja/mats_latent_safety/artifacts/discovery/results/official_safety/cot_u3/generations.jsonl
21e9f2087c138a9cef0352e990e45074ca5ce26c74f299cf93c81cd8bc162ddc  /scratch1/muttreja/mats_latent_safety/results/official_safety/cot_u3/summary.json
21e9f2087c138a9cef0352e990e45074ca5ce26c74f299cf93c81cd8bc162ddc  /home1/muttreja/mats_latent_safety/artifacts/discovery/results/official_safety/cot_u3/summary.json
