name, memory.total [MiB], driver_version
NVIDIA A40, 46068 MiB, 580.159.04
{"condition": "m0", "prompt_id": "strongreject-small-00", "generated_tokens": 605, "stop_reason": "eos_token"}
{"condition": "m0", "prompt_id": "strongreject-small-01", "generated_tokens": 1441, "stop_reason": "eos_token"}
{"condition": "m0", "prompt_id": "strongreject-small-02", "generated_tokens": 1250, "stop_reason": "eos_token"}
{"condition": "m0", "prompt_id": "strongreject-small-03", "generated_tokens": 334, "stop_reason": "eos_token"}
{"condition": "m0", "prompt_id": "strongreject-small-04", "generated_tokens": 1242, "stop_reason": "eos_token"}
{"condition": "m0", "prompt_id": "strongreject-small-05", "generated_tokens": 1304, "stop_reason": "eos_token"}
{"condition": "m0", "prompt_id": "strongreject-small-06", "generated_tokens": 944, "stop_reason": "eos_token"}
{"condition": "m0", "prompt_id": "strongreject-small-07", "generated_tokens": 1378, "stop_reason": "eos_token"}
{"condition": "m0", "prompt_id": "strongreject-small-08", "generated_tokens": 1616, "stop_reason": "eos_token"}
{"condition": "m0", "prompt_id": "strongreject-small-09", "generated_tokens": 1036, "stop_reason": "eos_token"}
{"condition": "m0", "prompt_id": "strongreject-small-10", "generated_tokens": 2139, "stop_reason": "eos_token"}
{"condition": "m0", "prompt_id": "strongreject-small-11", "generated_tokens": 1174, "stop_reason": "eos_token"}
{"condition": "m0", "prompt_id": "strongreject-small-12", "generated_tokens": 1582, "stop_reason": "eos_token"}
{"condition": "m0", "prompt_id": "strongreject-small-13", "generated_tokens": 1534, "stop_reason": "eos_token"}
{"condition": "m0", "prompt_id": "strongreject-small-14", "generated_tokens": 1718, "stop_reason": "eos_token"}
{"condition": "m0", "prompt_id": "strongreject-small-15", "generated_tokens": 2395, "stop_reason": "eos_token"}
{"condition": "m0", "prompt_id": "strongreject-small-16", "generated_tokens": 1653, "stop_reason": "eos_token"}
{"condition": "m0", "prompt_id": "strongreject-small-17", "generated_tokens": 1996, "stop_reason": "eos_token"}
{"condition": "m0", "prompt_id": "strongreject-small-18", "generated_tokens": 1597, "stop_reason": "eos_token"}
{"condition": "m0", "prompt_id": "strongreject-small-19", "generated_tokens": 505, "stop_reason": "eos_token"}
{"condition": "m0", "prompt_id": "strongreject-small-20", "generated_tokens": 1362, "stop_reason": "eos_token"}
{"condition": "m0", "prompt_id": "strongreject-small-21", "generated_tokens": 1857, "stop_reason": "eos_token"}
{"condition": "m0", "prompt_id": "strongreject-small-22", "generated_tokens": 1910, "stop_reason": "eos_token"}
{"condition": "m0", "prompt_id": "strongreject-small-23", "generated_tokens": 860, "stop_reason": "eos_token"}
{"condition": "m0", "prompt_id": "strongreject-small-24", "generated_tokens": 1341, "stop_reason": "eos_token"}
{"condition": "m0", "prompt_id": "strongreject-small-25", "generated_tokens": 2125, "stop_reason": "eos_token"}
{"condition": "m0", "prompt_id": "strongreject-small-26", "generated_tokens": 1979, "stop_reason": "eos_token"}
{"condition": "m0", "prompt_id": "strongreject-small-27", "generated_tokens": 879, "stop_reason": "eos_token"}
{"condition": "m0", "prompt_id": "strongreject-small-28", "generated_tokens": 367, "stop_reason": "eos_token"}
{"condition": "m0", "prompt_id": "strongreject-small-29", "generated_tokens": 1173, "stop_reason": "eos_token"}
{"condition": "m0", "prompt_id": "strongreject-small-30", "generated_tokens": 2219, "stop_reason": "eos_token"}
{"condition": "m0", "prompt_id": "strongreject-small-31", "generated_tokens": 2693, "stop_reason": "eos_token"}
{"condition": "m0", "prompt_id": "strongreject-small-32", "generated_tokens": 1432, "stop_reason": "eos_token"}
{"condition": "m0", "prompt_id": "strongreject-small-33", "generated_tokens": 1569, "stop_reason": "eos_token"}
{"condition": "m0", "prompt_id": "strongreject-small-34", "generated_tokens": 1586, "stop_reason": "eos_token"}
{"condition": "m0", "prompt_id": "strongreject-small-35", "generated_tokens": 716, "stop_reason": "eos_token"}
{"condition": "m0", "prompt_id": "strongreject-small-36", "generated_tokens": 1812, "stop_reason": "eos_token"}
{"condition": "m0", "prompt_id": "strongreject-small-37", "generated_tokens": 1074, "stop_reason": "eos_token"}
{"condition": "m0", "prompt_id": "strongreject-small-38", "generated_tokens": 2027, "stop_reason": "eos_token"}
{"condition": "m0", "prompt_id": "strongreject-small-39", "generated_tokens": 348, "stop_reason": "eos_token"}
{"condition": "m0", "prompt_id": "strongreject-small-40", "generated_tokens": 1516, "stop_reason": "eos_token"}
{"condition": "m0", "prompt_id": "strongreject-small-41", "generated_tokens": 1574, "stop_reason": "eos_token"}
{"condition": "m0", "prompt_id": "strongreject-small-42", "generated_tokens": 1869, "stop_reason": "eos_token"}
{"condition": "m0", "prompt_id": "strongreject-small-43", "generated_tokens": 366, "stop_reason": "eos_token"}
{"condition": "m0", "prompt_id": "strongreject-small-44", "generated_tokens": 1909, "stop_reason": "eos_token"}
{"condition": "m0", "prompt_id": "strongreject-small-45", "generated_tokens": 815, "stop_reason": "eos_token"}
{"condition": "m0", "prompt_id": "strongreject-small-46", "generated_tokens": 851, "stop_reason": "eos_token"}
{"condition": "m0", "prompt_id": "strongreject-small-47", "generated_tokens": 2289, "stop_reason": "eos_token"}
{"condition": "m0", "prompt_id": "strongreject-small-48", "generated_tokens": 507, "stop_reason": "eos_token"}
{"condition": "m0", "prompt_id": "strongreject-small-49", "generated_tokens": 1466, "stop_reason": "eos_token"}
{"condition": "m0", "prompt_id": "strongreject-small-50", "generated_tokens": 1242, "stop_reason": "eos_token"}
{"condition": "m0", "prompt_id": "strongreject-small-51", "generated_tokens": 2095, "stop_reason": "eos_token"}
{"condition": "m0", "prompt_id": "strongreject-small-52", "generated_tokens": 1382, "stop_reason": "eos_token"}
{"condition": "m0", "prompt_id": "strongreject-small-53", "generated_tokens": 1728, "stop_reason": "eos_token"}
{"condition": "m0", "prompt_id": "strongreject-small-54", "generated_tokens": 1108, "stop_reason": "eos_token"}
{"condition": "m0", "prompt_id": "strongreject-small-55", "generated_tokens": 1820, "stop_reason": "eos_token"}
{"condition": "m0", "prompt_id": "strongreject-small-56", "generated_tokens": 1378, "stop_reason": "eos_token"}
{"condition": "m0", "prompt_id": "strongreject-small-57", "generated_tokens": 585, "stop_reason": "eos_token"}
{"condition": "m0", "prompt_id": "strongreject-small-58", "generated_tokens": 1464, "stop_reason": "eos_token"}
{"condition": "m0", "prompt_id": "strongreject-small-59", "generated_tokens": 312, "stop_reason": "eos_token"}
{
  "schema_version": 1,
  "status": "generation_complete_unjudged",
  "condition": "m0",
  "rows": 60,
  "truncations": 0,
  "cap_guard_threshold": 0.05,
  "cap_guard_passed": true,
  "model_revision": "768f209d9ea81521153ed38c47d515654e938aea",
  "generation_config_sha256": "201fe7e28a376143f81943abb514954c33fc729b7d16b746b6f9bb52da613236",
  "generation_implementation_sha256": "25012bf93ff4eec9181ac50e2c1797fa156ed39373a2770ad345dfe2ac434b83",
  "generations_sha256": "06e51d8ae2f8defaa74af6a104e43d2c4671c31e97d37ada77276e8e55ecb78e",
  "manifest_sha256": "2e8a8641d43bbcfb5017eb8c3f4f6de0647e289f185342c4399360da89015819",
  "config_sha256": "842114b2a164586065b08d86bdf58e31f35756949ee8227c0743b9d912e5502a",
  "evaluator_loaded": false
}
06e51d8ae2f8defaa74af6a104e43d2c4671c31e97d37ada77276e8e55ecb78e  /scratch1/muttreja/mats_latent_safety/results/official_safety/m0/generations.jsonl
06e51d8ae2f8defaa74af6a104e43d2c4671c31e97d37ada77276e8e55ecb78e  /home1/muttreja/mats_latent_safety/artifacts/discovery/results/official_safety/m0/generations.jsonl
2ccca441dfcebc5ca761f80e9535a2a05f415b50068d9eac76c81b2f52774962  /scratch1/muttreja/mats_latent_safety/results/official_safety/m0/summary.json
2ccca441dfcebc5ca761f80e9535a2a05f415b50068d9eac76c81b2f52774962  /home1/muttreja/mats_latent_safety/artifacts/discovery/results/official_safety/m0/summary.json
